"ID","NAME"
"1000","FRED"
"2000","WILMA"
"3000","BARNEY"
"4000","BETTY"