"ID","NAME","SALARY","START"
"6","Sam"," "10000000000"," "2006-01-01"