<?xml version="1.0" encoding="UTF-8" standalone="yes"?>
<employee>
    <id>1</id>
    <name>Fred</name>
    <salary>1000000</salary>
    <start>2001-01-01</start>
</employee>
