<?xml version="1.0" encoding="UTF-8" standalone="yes"?>
<employee>
    <email>matt@navigo.com.au</email>
    <name>Matt</name>
</employee>
