"ID","NAME","SALARY","START"
"4","Betty","4000000","null"