<?xml version="1.0" encoding="UTF-8"?>
<employee>
  <id>5</id>
  <name>Dino</name>
  <salary>0</salary>
  <fields>
    <field name="position_title">Grand Pooh Bah</field>
  </fields>
</employee>
