<?xml version="1.0" encoding="UTF-8" standalone="yes"?>
<employee>
    <id>4</id>
    <name>Betty</name>
    <salary>4000000</salary>
</employee>
