"NAME","FULL_NAME","START_DATE"
"Fred","Fred Flintstone","2001-01-01"
"Wilma","Wilma Flintstone","2002-01-01"
"Barney","Barney Rubble","2003-01-01"
"Betty","Betty Rubble","CONVERTED NULL"
"Dino","Dino Flintstone","CONVERTED NULL"
