"NAME","FULL_NAME"
"Fred","Fred Flintstone"
"Wilma","Wilma Flintstone"
"Barney","Barney Rubble"
"Betty","Betty Rubble"
"Dino","Dino Flintstone"