"AVERAGE_JOE","SUPERHERO"
"Fred","HULK"
"Wilma","CATWOMAN"
"Barney","SPIDERMAN"
"Betty","WONDERWOMAN"
"Dino","LASSIE"