"ID","EMPLOYEE_ID","ADDRESS"
"1","1","123 Pleasant Crescent, Rockville"