"ID","NAME","SALARY","START"
"5","Dino","0","null"